// Jest Snapshot v1, https://goo.gl/fbAQLP

exports[`App component renders the component 1`] = `
<div
  className="App"
  id="App"
>
  <div
    className="page-host"
  >
    <div
      className="home-sidebar close drawer-container"
      id="sidebar"
      onClick={[Function]}
      onKeyPress={[Function]}
      role="button"
      tabIndex={0}
    >
      <div
        className="drawer"
        style={
          {
            "backgroundColor": "#c0c0c0",
            "position": "relative",
            "zIndex": -1,
          }
        }
      >
        <div
          className="navImage"
        >
          <img
            alt="Luther Rose"
            id="webjamwidelogo"
            src="https://upload.wikimedia.org/wikipedia/commons/thumb/a/ab/Lutherrose.svg/800px-Lutherrose.svg.png"
            style={
              {
                "marginLeft": 0,
                "marginRight": 0,
                "width": "86px",
              }
            }
          />
        </div>
        <div
          className="nav-list"
          style={
            {
              "width": "220px",
            }
          }
        >
          <p
            style={
              {
                "fontSize": "1px",
                "marginBottom": "2px",
              }
            }
          />
          <div
            className="menu-item"
            style={
              {
                "backgroundColor": "#244a8bff",
              }
            }
          >
            <p
              style={
                {
                  "color": "#fff",
                  "fontSize": "11pt",
                  "marginBottom": "2px",
                }
              }
            >
              <a
                className="menu-hover"
                href="http://bit.ly/CollegeLutheranDirections"
                style={
                  {
                    "color": "#88c1ff",
                  }
                }
              >
                <span>
                  210 S. College Ave
                </span>
              </a>
              <br />
              Salem, VA 24153
            </p>
          </div>
          <div
            className="menu-item"
            style={
              {
                "backgroundColor": "#244a8bff",
                "marginLeft": "0px",
              }
            }
          >
            <p
              style={
                {
                  "color": "#fff",
                  "fontSize": "11pt",
                  "marginBottom": "2px",
                }
              }
            >
              <span>
                ph: 
              </span>
              <a
                className="menu-hover"
                href="tel:5403894963"
                style={
                  {
                    "color": "#88c1ff",
                  }
                }
              >
                (540) 389-4963
              </a>
              <br />
              <span>
                fax: 
              </span>
              (540) 389-4980
              <br />
              <a
                href="mailto:office1@collegelutheran.org"
                style={
                  {
                    "color": "#88c1ff",
                    "wordWrap": "break-word",
                  }
                }
              >
                <span
                  className="menu-hover"
                >
                  office1@collegelutheran.org
                </span>
              </a>
            </p>
          </div>
          <div
            className="menu-item"
          >
            <a
              className="nav-link"
              href="/page2"
              onClick={[Function]}
            >
              <div
                style={
                  {
                    "display": "inline",
                  }
                }
              >
                <i
                  className="fas fa-users"
                />
                 
                <span
                  className="nav-item"
                >
                  page2
                </span>
              </div>
            </a>
          </div>
          <div
            className="menu-item"
          >
            <a
              className="nav-link"
              href="/"
              onClick={[Function]}
            >
              <div
                style={
                  {
                    "display": "inline",
                  }
                }
              >
                <i
                  className="fas fa-heart"
                />
                 
                <span
                  className="nav-item"
                >
                  Home
                </span>
              </div>
            </a>
          </div>
          <p
            style={
              {
                "fontSize": "6pt",
                "margin": 0,
                "padding": 0,
              }
            }
          >
             
          </p>
        </div>
      </div>
    </div>
    <div
      className="main-panel"
    >
      <span
        id="mobilemenutoggle"
        onClick={[Function]}
        onKeyPress={[Function]}
        role="button"
        tabIndex={0}
      >
        <i
          className="fas fa-bars"
        />
      </span>
      <div
        className="mainPanel"
      >
        <div
          className="swipe-area"
        />
        <div
          className="material-header home-header"
          id="header"
          style={
            {
              "backgroundColor": "#244a8bff",
            }
          }
        >
          <div
            className="headercontent"
          />
          <div>
            <div
              className="flex-header"
              style={
                {
                  "marginLeft": "15px",
                  "marginTop": "-18px",
                  "paddingLeft": "10px",
                  "paddingRight": "10px",
                }
              }
            >
              <h2
                className="header-text"
                style={
                  {
                    "fontSize": "25px",
                    "marginBottom": "-1px",
                    "marginTop": "1px",
                  }
                }
              >
                <a
                  className="header-text"
                  href="/"
                  style={
                    {
                      "textAlign": "left",
                      "textDecoration": "none",
                    }
                  }
                >
                  React Template
                </a>
              </h2>
              <p
                className="subTitle"
                style={
                  {
                    "color": "#f4c00eff",
                    "maxWidth": "100%",
                  }
                }
              >
                A React Template
              </p>
            </div>
          </div>
        </div>
        <div
          className="content-block"
          id="contentBlock"
          style={
            {
              "width": "auto",
            }
          }
        >
          <div>
            <h1>
              Page 1
            </h1>
            <div>
              <p>
                Some page one content here.
              </p>
            </div>
          </div>
        </div>
      </div>
    </div>
  </div>
</div>
`;
